
========== flutter_create_android ==========
Recreating project ....
  okn_dsp.iml (created)
  android/gradle/wrapper/gradle-wrapper.properties (created)
  android/app/src/debug/AndroidManifest.xml (created)
  android/app/src/profile/AndroidManifest.xml (created)
  android/app/src/main/AndroidManifest.xml (created)
  android/app/src/main/res/values/styles.xml (created)
  android/app/src/main/res/mipmap-xhdpi/ic_launcher.png (created)
  android/app/src/main/res/drawable/launch_background.xml (created)
  android/app/src/main/res/mipmap-mdpi/ic_launcher.png (created)
  android/app/src/main/res/mipmap-xxxhdpi/ic_launcher.png (created)
  android/app/src/main/res/mipmap-xxhdpi/ic_launcher.png (created)
  android/app/src/main/res/mipmap-hdpi/ic_launcher.png (created)
  android/app/src/main/res/drawable-v21/launch_background.xml (created)
  android/app/src/main/res/values-night/styles.xml (created)
  android/settings.gradle.kts (created)
  android/.gitignore (created)
  android/gradle.properties (created)
  android/app/build.gradle.kts (created)
  android/app/src/main/kotlin/com/okn/okn_dsp/MainActivity.kt (created)
  android/okn_dsp_android.iml (created)
  android/build.gradle.kts (created)
  .idea/libraries/KotlinJavaRuntime.xml (created)
  .idea/libraries/Dart_SDK.xml (created)
  .idea/runConfigurations/main_dart.xml (created)
  .idea/modules.xml (created)
  .idea/workspace.xml (created)
Resolving dependencies...
Downloading packages...
Got dependencies.
Upgrading analysis_options.yaml to exclude build and platform directories.
Wrote 29 files.

All done!
You can find general documentation for Flutter at: https://docs.flutter.dev/
Detailed API documentation is available at: https://api.flutter.dev/
If you prefer video documentation, consider: https://www.youtube.com/c/flutterdev

In order to run your application, type:

  $ flutter run

Your application code is in ./lib/main.dart.


========== flutter_pub_get ==========
Resolving dependencies...
Downloading packages...
  flutter_lints 5.0.0 (6.0.0 available)
  lints 5.1.1 (6.1.0 available)
  material_color_utilities 0.13.0 (0.13.1 available)
  meta 1.18.3 (1.19.0 available)
  test_api 0.7.12 (0.7.14 available)
  vector_math 2.4.0 (2.4.2 available)
Got dependencies!
6 packages have newer versions incompatible with dependency constraints.
Try `flutter pub outdated` for more information.

========== flutter_analyze ==========
Analyzing OKN_DSP...                                            
No issues found! (ran in 6.2s)

========== flutter_test ==========

::group::✅ Passing tests
✅ /home/runner/work/OKN_DSP-apk/OKN_DSP-apk/_build/OKN_DSP/test/dsp_controller_test.dart: delay conversion uses 34.3 cm per ms
✅ /home/runner/work/OKN_DSP-apk/OKN_DSP-apk/_build/OKN_DSP/test/dsp_controller_test.dart: master volume is clamped to DSP range
✅ /home/runner/work/OKN_DSP-apk/OKN_DSP-apk/_build/OKN_DSP/test/widget_test.dart: OKN DSP app starts on Home
::endgroup::

🎉 3 tests passed.

========== flutter_build_apk ==========
Running Gradle task 'assembleRelease'...                        
Font asset "MaterialIcons-Regular.otf" was tree-shaken, reducing it from 1645184 to 1704 bytes (99.9% reduction). Tree-shaking can be disabled by providing the --no-tree-shake-icons flag when building your app.
Caught exception: Already watching path: /home/runner/work/OKN_DSP-apk/OKN_DSP-apk/_build/OKN_DSP/android
Running Gradle task 'assembleRelease'...                          179.8s
✓ Built build/app/outputs/flutter-apk/app-release.apk (43.9MB)
